../Drivers/STM32L0xx_HAL_Driver/Src/stm32l0xx_hal_comp.c:572:13:HAL_COMP_MspInit	0	static
../Drivers/STM32L0xx_HAL_Driver/Src/stm32l0xx_hal_comp.c:269:19:HAL_COMP_Init	40	static
../Drivers/STM32L0xx_HAL_Driver/Src/stm32l0xx_hal_comp.c:587:13:HAL_COMP_MspDeInit	0	static
../Drivers/STM32L0xx_HAL_Driver/Src/stm32l0xx_hal_comp.c:527:19:HAL_COMP_DeInit	16	static
../Drivers/STM32L0xx_HAL_Driver/Src/stm32l0xx_hal_comp.c:781:19:HAL_COMP_Start	16	static
../Drivers/STM32L0xx_HAL_Driver/Src/stm32l0xx_hal_comp.c:828:19:HAL_COMP_Stop	0	static
../Drivers/STM32L0xx_HAL_Driver/Src/stm32l0xx_hal_comp.c:926:19:HAL_COMP_Lock	0	static
../Drivers/STM32L0xx_HAL_Driver/Src/stm32l0xx_hal_comp.c:972:10:HAL_COMP_GetOutputLevel	0	static
../Drivers/STM32L0xx_HAL_Driver/Src/stm32l0xx_hal_comp.c:986:13:HAL_COMP_TriggerCallback	0	static
../Drivers/STM32L0xx_HAL_Driver/Src/stm32l0xx_hal_comp.c:865:6:HAL_COMP_IRQHandler	8	static
../Drivers/STM32L0xx_HAL_Driver/Src/stm32l0xx_hal_comp.c:1020:23:HAL_COMP_GetState	0	static
../Drivers/STM32L0xx_HAL_Driver/Src/stm32l0xx_hal_comp.c:1040:10:HAL_COMP_GetError	0	static
